
> walletwise@1.0.0 build
> tsc -b && vite build

